C51 COMPILER V9.54   MIAN                                                                  08/25/2023 21:55:39 PAGE 1   


C51 COMPILER V9.54, COMPILATION OF MODULE MIAN
OBJECT MODULE PLACED IN .\Objects\mian.obj
COMPILER INVOKED BY: E:\C\Keil_v5\C51\BIN\C51.EXE mian.c OPTIMIZE(8,SPEED) BROWSE DEBUG OBJECTEXTEND PRINT(.\Listings\mi
                    -an.lst) TABS(2) OBJECT(.\Objects\mian.obj)

line level    source

   1          #include "stc8f.h"
   2          #include "intrins.h"
   3          #include "uart.h"
   4          #include "ADXL345.h"
   5          
   6          //#define FOSC            12000000UL
   7          
   8          
   9          void main()
  10          {
  11   1        uchar devid;
  12   1        
  13   1          UartInit();
  14   1          ES = 1;
  15   1          EA = 1;
  16   1          UartSendStr("Uart Test !\r\n"); 
  17   1      
  18   1        delay(500);                     //上电延时    
  19   1        while(1)                          //循环
  20   1        { 
  21   2          
  22   2          Init_ADXL345();                   //初始化ADXL345
  23   2          devid=Single_Read_ADXL345(0X00);  //读出的数据为0XE5,表示正确
  24   2          if(devid!=0XE5)
  25   2          {     
  26   3      
  27   3            UartSendStr("No Find!\r\n");          
  28   3            
  29   3          }
  30   2          else
  31   2          {     
  32   3            Multiple_Read_ADXL345();        //连续读出数据，存储在BUF中
  33   3            display_x();                    //---------显示X轴
  34   3      //      display_y();                    //---------显示Y轴
  35   3      //      display_z();                    //---------显示Z轴          
  36   3          }      
  37   2          delay(350);                     //延时  
  38   2        }
  39   1        
  40   1      
  41   1      }
  42          
  43          
  44          ////*********************************************************
  45          ////******主程序********
  46          ////*********************************************************
  47          //void main()
  48          //{ 
  49          //  uchar devid;
  50          //  delay(500);                     //上电延时    
  51          
  52          //    
  53          //  //Init_ADXL345();                   //初始化ADXL345
  54          //  //devid=Single_Read_ADXL345(0X00);  //读出的数据为0XE5,表示正确
C51 COMPILER V9.54   MIAN                                                                  08/25/2023 21:55:39 PAGE 2   

  55          //  
  56          //  while(1)                          //循环
  57          //  { 
  58          //    
  59          //    Init_ADXL345();                   //初始化ADXL345
  60          //    devid=Single_Read_ADXL345(0X00);  //读出的数据为0XE5,表示正确
  61          //    if(devid!=0XE5)
  62          //    {     
  63          
  64          //      UartSendStr("No Find!\r\n");          
  65          //      
  66          //    }
  67          //    else
  68          //    {     
  69          //      Multiple_Read_ADXL345();        //连续读出数据，存储在BUF中
  70          //      display_x();                    //---------显示X轴
  71          ////      display_y();                    //---------显示Y轴
  72          ////      display_z();                    //---------显示Z轴          
  73          //    }      
  74          //    delay(350);                     //延时  
  75          //  }
  76          //} 


MODULE INFORMATION:   STATIC OVERLAYABLE
   CODE SIZE        =     62    ----
   CONSTANT SIZE    =     25    ----
   XDATA SIZE       =   ----    ----
   PDATA SIZE       =   ----    ----
   DATA SIZE        =   ----    ----
   IDATA SIZE       =   ----    ----
   BIT SIZE         =   ----    ----
END OF MODULE INFORMATION.


C51 COMPILATION COMPLETE.  0 WARNING(S),  0 ERROR(S)
